;  LST file generated by mikroListExporter - v.2.0 
; Date/Time: 2026-08-13 ¿ÀÈÄ 2:49:42
;----------------------------------------------

;Address Opcode 	ASM
0x0000	0x28F5      	GOTO       245
_Interrupt:
0x0004	0x00DF      	MOVWF      R15
0x0005	0x0E03      	SWAPF      STATUS, 0
0x0006	0x0183      	CLRF       STATUS
0x0007	0x00C2      	MOVWF      ___saveSTATUS
0x0008	0x080A      	MOVF       PCLATH, 0
0x0009	0x00C3      	MOVWF      ___savePCLATH
0x000A	0x018A      	CLRF       PCLATH
;16F676MPPT.mpas,76 :: 		begin
;16F676MPPT.mpas,77 :: 		if T0IF_bit=1 then begin
0x000B	0x1D0B      	BTFSS      T0IF_bit, BitPos(T0IF_bit+0)
0x000C	0x281E      	GOTO       L__Interrupt3
;16F676MPPT.mpas,78 :: 		PWM_SIG:=not PWM_SIG;
0x000D	0x1283      	BCF        STATUS, 5
0x000E	0x3002      	MOVLW      2
0x000F	0x0687      	XORWF      RC1_bit, 1
;16F676MPPT.mpas,79 :: 		if PWM_SIG=0 then begin
0x0010	0x1887      	BTFSC      RC1_bit, BitPos(RC1_bit+0)
0x0011	0x281A      	GOTO       L__Interrupt6
;16F676MPPT.mpas,80 :: 		doADCRead:=1;
0x0012	0x3001      	MOVLW      1
0x0013	0x00A6      	MOVWF      _doADCRead
;16F676MPPT.mpas,82 :: 		ON_PWM:=VOLPWM;
0x0014	0x083B      	MOVF       _VOLPWM, 0
0x0015	0x00BC      	MOVWF      _ON_PWM
;16F676MPPT.mpas,83 :: 		TMR0:=255-ON_PWM;
0x0016	0x083B      	MOVF       _VOLPWM, 0
0x0017	0x3CFF      	SUBLW      255
0x0018	0x0081      	MOVWF      TMR0
;16F676MPPT.mpas,84 :: 		end else begin
0x0019	0x281D      	GOTO       L__Interrupt7
L__Interrupt6:
;16F676MPPT.mpas,86 :: 		TMR0:=TMR0BASE+ON_PWM;
0x001A	0x083C      	MOVF       _ON_PWM, 0
0x001B	0x3E37      	ADDLW      55
0x001C	0x0081      	MOVWF      TMR0
;16F676MPPT.mpas,87 :: 		end;
L__Interrupt7:
;16F676MPPT.mpas,88 :: 		T0IF_bit:=0;
0x001D	0x110B      	BCF        T0IF_bit, BitPos(T0IF_bit+0)
;16F676MPPT.mpas,89 :: 		end;
L__Interrupt3:
0x001E	0x1283      	BCF        STATUS, 5
;16F676MPPT.mpas,90 :: 		if T1IF_bit=1 then begin
0x001F	0x1C0C      	BTFSS      T1IF_bit, BitPos(T1IF_bit+0)
0x0020	0x2829      	GOTO       L__Interrupt9
;16F676MPPT.mpas,91 :: 		TMR1H:=TMR1H_LOAD;
0x0021	0x30FC      	MOVLW      252
0x0022	0x008F      	MOVWF      TMR1H
;16F676MPPT.mpas,92 :: 		TMR1L:=TMR1L_LOAD;
0x0023	0x3017      	MOVLW      23
0x0024	0x008E      	MOVWF      TMR1L
;16F676MPPT.mpas,93 :: 		T1IF_bit:=0;
0x0025	0x100C      	BCF        T1IF_bit, BitPos(T1IF_bit+0)
;16F676MPPT.mpas,94 :: 		Inc(TICK_1000);
0x0026	0x0ABE      	INCF       _TICK_1000, 1
0x0027	0x1903      	BTFSC      STATUS, 2
0x0028	0x0ABF      	INCF       _TICK_1000+1, 1
;16F676MPPT.mpas,95 :: 		end;
L__Interrupt9:
;16F676MPPT.mpas,96 :: 		end;
L_end_Interrupt:
L__Interrupt71:
0x0029	0x0843      	MOVF       ___savePCLATH, 0
0x002A	0x008A      	MOVWF      PCLATH
0x002B	0x0E42      	SWAPF      ___saveSTATUS, 0
0x002C	0x0083      	MOVWF      STATUS
0x002D	0x0EDF      	SWAPF      R15, 1
0x002E	0x0E5F      	SWAPF      R15, 0
0x002F	0x0009      	RETFIE
; end of _Interrupt
_Delay_22us:
;__Lib_Delays.mpas,39 :: 		begin
;__Lib_Delays.mpas,40 :: 		Delay_us(22);
0x0030	0x3007      	MOVLW      7
0x0031	0x1283      	BCF        STATUS, 5
0x0032	0x00DD      	MOVWF      R13
L__Delay_22us5:
0x0033	0x0BDD      	DECFSZ     R13, 1
0x0034	0x2833      	GOTO       L__Delay_22us5
;__Lib_Delays.mpas,41 :: 		end;
L_end_Delay_22us:
0x0035	0x0008      	RETURN
; end of _Delay_22us
_Delay_100ms:
;__Lib_Delays.mpas,79 :: 		begin
;__Lib_Delays.mpas,80 :: 		Delay_ms(100);
0x0036	0x3082      	MOVLW      130
0x0037	0x1283      	BCF        STATUS, 5
0x0038	0x00DC      	MOVWF      R12
0x0039	0x30DD      	MOVLW      221
0x003A	0x00DD      	MOVWF      R13
L__Delay_100ms21:
0x003B	0x0BDD      	DECFSZ     R13, 1
0x003C	0x283B      	GOTO       L__Delay_100ms21
0x003D	0x0BDC      	DECFSZ     R12, 1
0x003E	0x283B      	GOTO       L__Delay_100ms21
0x003F	0x0000      	NOP
0x0040	0x0000      	NOP
;__Lib_Delays.mpas,81 :: 		end;
L_end_Delay_100ms:
0x0041	0x0008      	RETURN
; end of _Delay_100ms
_ADC_Read:
;__Lib_ADC_A_B.mpas,80 :: 		
;__Lib_ADC_A_B.mpas,82 :: 		
0x0042	0x30C3      	MOVLW      195
0x0043	0x1283      	BCF        STATUS, 5
0x0044	0x059F      	ANDWF      ADCON0, 1
;__Lib_ADC_A_B.mpas,87 :: 		
0x0045	0x30BF      	MOVLW      191
0x0046	0x059F      	ANDWF      ADCON0, 1
;__Lib_ADC_A_B.mpas,88 :: 		
0x0047	0x30F0      	MOVLW      240
0x0048	0x1683      	BSF        STATUS, 5
0x0049	0x049F      	IORWF      ADCON1, 1
;__Lib_ADC_A_B.mpas,89 :: 		
0x004A	0x1283      	BCF        STATUS, 5
0x004B	0x179F      	BSF        ADCON0, 7
;__Lib_ADC_A_B.mpas,90 :: 		
0x004C	0x0845      	MOVF       FARG_ADC_Read_channel, 0
0x004D	0x00D0      	MOVWF      R0
0x004E	0x0DD0      	RLF        R0, 1
0x004F	0x1050      	BCF        R0, 0
0x0050	0x0DD0      	RLF        R0, 1
0x0051	0x1050      	BCF        R0, 0
0x0052	0x0850      	MOVF       R0, 0
0x0053	0x049F      	IORWF      ADCON0, 1
;__Lib_ADC_A_B.mpas,93 :: 		
0x0054	0x141F      	BSF        ADCON0, 0
;__Lib_ADC_A_B.mpas,96 :: 		
0x0055	0x2030      	CALL       _Delay_22us
;__Lib_ADC_A_B.mpas,99 :: 		
0x0056	0x149F      	BSF        ADCON0, 1
;__Lib_ADC_A_B.mpas,102 :: 		
L__ADC_Read10:
0x0057	0x1C9F      	BTFSS      ADCON0, 1
0x0058	0x285B      	GOTO       L__ADC_Read11
0x0059	0x0000      	NOP
0x005A	0x2857      	GOTO       L__ADC_Read10
L__ADC_Read11:
;__Lib_ADC_A_B.mpas,105 :: 		
0x005B	0x101F      	BCF        ADCON0, 0
;__Lib_ADC_A_B.mpas,108 :: 		
0x005C	0x081E      	MOVF       ADRESH, 0
0x005D	0x00D1      	MOVWF      R0+1
0x005E	0x01D0      	CLRF       R0
0x005F	0x1683      	BSF        STATUS, 5
0x0060	0x081E      	MOVF       ADRESL, 0
0x0061	0x0450      	IORWF      R0, 0
0x0062	0x00C6      	MOVWF      ADC_Read_local_result
0x0063	0x0851      	MOVF       R0+1, 0
0x0064	0x00C7      	MOVWF      ADC_Read_local_result+1
0x0065	0x3000      	MOVLW      0
0x0066	0x04C7      	IORWF      ADC_Read_local_result+1, 1
;__Lib_ADC_A_B.mpas,110 :: 		
0x0067	0x0846      	MOVF       ADC_Read_local_result, 0
0x0068	0x00D0      	MOVWF      R0
0x0069	0x0847      	MOVF       ADC_Read_local_result+1, 0
0x006A	0x00D1      	MOVWF      R0+1
L_end_ADC_Read:
0x006B	0x0008      	RETURN
; end of _ADC_Read
_Mul_32x32_U:
;__Lib_Math.mpas,1775 :: 		
;__Lib_Math.mpas,1789 :: 		
0x006C	0x1283      	BCF        STATUS, 5
;__Lib_Math.mpas,1790 :: 		
0x006D	0x1303      	BCF        STATUS, 6
;__Lib_Math.mpas,1791 :: 		
0x006E	0x3022      	MOVLW      34
;__Lib_Math.mpas,1792 :: 		
0x006F	0x00DC      	MOVWF      R12
;__Lib_Math.mpas,1793 :: 		
0x0070	0x01D8      	CLRF       R8
;__Lib_Math.mpas,1794 :: 		
0x0071	0x01D9      	CLRF       R9
;__Lib_Math.mpas,1795 :: 		
0x0072	0x01DA      	CLRF       R10
;__Lib_Math.mpas,1796 :: 		
0x0073	0x01DB      	CLRF       R11
;__Lib_Math.mpas,1798 :: 		
_NEXT:
;__Lib_Math.mpas,1802 :: 		
0x0074	0x03DC      	DECF       R12, 1
;__Lib_Math.mpas,1803 :: 		
0x0075	0x1903      	BTFSC      STATUS, 2
;__Lib_Math.mpas,1804 :: 		
0x0076	0x28A2      	GOTO       _EXIT2
;__Lib_Math.mpas,1805 :: 		
0x0077	0x1003      	BCF        STATUS, 0
;__Lib_Math.mpas,1807 :: 		
_LOOP:
;__Lib_Math.mpas,1816 :: 		
0x0078	0x0CDB      	RRF        R11, 1
;__Lib_Math.mpas,1817 :: 		
0x0079	0x0CDA      	RRF        R10, 1
;__Lib_Math.mpas,1818 :: 		
0x007A	0x0CD9      	RRF        R9, 1
;__Lib_Math.mpas,1819 :: 		
0x007B	0x0CD8      	RRF        R8, 1
;__Lib_Math.mpas,1820 :: 		
0x007C	0x0CD3      	RRF        R3, 1
;__Lib_Math.mpas,1821 :: 		
0x007D	0x0CD2      	RRF        R2, 1
;__Lib_Math.mpas,1822 :: 		
0x007E	0x0CD1      	RRF        R1, 1
;__Lib_Math.mpas,1823 :: 		
0x007F	0x0CD0      	RRF        R0, 1
;__Lib_Math.mpas,1828 :: 		
0x0080	0x1C03      	BTFSS      STATUS, 0
;__Lib_Math.mpas,1829 :: 		
0x0081	0x2874      	GOTO       _NEXT
;__Lib_Math.mpas,1830 :: 		
0x0082	0x03DC      	DECF       R12, 1
;__Lib_Math.mpas,1831 :: 		
0x0083	0x1903      	BTFSC      STATUS, 2
;__Lib_Math.mpas,1832 :: 		
0x0084	0x2894      	GOTO       _EXIT1
;__Lib_Math.mpas,1839 :: 		
0x0085	0x0854      	MOVF       R4, 0
;__Lib_Math.mpas,1840 :: 		
0x0086	0x07D8      	ADDWF      R8, 1
;__Lib_Math.mpas,1841 :: 		
0x0087	0x0855      	MOVF       R5, 0
;__Lib_Math.mpas,1842 :: 		
0x0088	0x1803      	BTFSC      STATUS, 0
;__Lib_Math.mpas,1843 :: 		
0x0089	0x0F55      	INCFSZ     R5, 0
;__Lib_Math.mpas,1844 :: 		
0x008A	0x07D9      	ADDWF      R9, 1
;__Lib_Math.mpas,1845 :: 		
0x008B	0x0856      	MOVF       R6, 0
;__Lib_Math.mpas,1846 :: 		
0x008C	0x1803      	BTFSC      STATUS, 0
;__Lib_Math.mpas,1847 :: 		
0x008D	0x0F56      	INCFSZ     R6, 0
;__Lib_Math.mpas,1848 :: 		
0x008E	0x07DA      	ADDWF      R10, 1
;__Lib_Math.mpas,1849 :: 		
0x008F	0x0857      	MOVF       R7, 0
;__Lib_Math.mpas,1850 :: 		
0x0090	0x1803      	BTFSC      STATUS, 0
;__Lib_Math.mpas,1851 :: 		
0x0091	0x0F57      	INCFSZ     R7, 0
;__Lib_Math.mpas,1852 :: 		
0x0092	0x07DB      	ADDWF      R11, 1
;__Lib_Math.mpas,1854 :: 		
0x0093	0x2878      	GOTO       _LOOP
;__Lib_Math.mpas,1856 :: 		
_EXIT1:
;__Lib_Math.mpas,1861 :: 		
0x0094	0x0854      	MOVF       R4, 0
;__Lib_Math.mpas,1862 :: 		
0x0095	0x07D8      	ADDWF      R8, 1
;__Lib_Math.mpas,1863 :: 		
0x0096	0x0855      	MOVF       R5, 0
;__Lib_Math.mpas,1864 :: 		
0x0097	0x1803      	BTFSC      STATUS, 0
;__Lib_Math.mpas,1865 :: 		
0x0098	0x0F55      	INCFSZ     R5, 0
;__Lib_Math.mpas,1866 :: 		
0x0099	0x07D9      	ADDWF      R9, 1
;__Lib_Math.mpas,1867 :: 		
0x009A	0x0856      	MOVF       R6, 0
;__Lib_Math.mpas,1868 :: 		
0x009B	0x1803      	BTFSC      STATUS, 0
;__Lib_Math.mpas,1869 :: 		
0x009C	0x0F56      	INCFSZ     R6, 0
;__Lib_Math.mpas,1870 :: 		
0x009D	0x07DA      	ADDWF      R10, 1
;__Lib_Math.mpas,1871 :: 		
0x009E	0x0857      	MOVF       R7, 0
;__Lib_Math.mpas,1872 :: 		
0x009F	0x1803      	BTFSC      STATUS, 0
;__Lib_Math.mpas,1873 :: 		
0x00A0	0x0F57      	INCFSZ     R7, 0
;__Lib_Math.mpas,1874 :: 		
0x00A1	0x07DB      	ADDWF      R11, 1
;__Lib_Math.mpas,1877 :: 		
_EXIT2:
;__Lib_Math.mpas,1879 :: 		
L_end_Mul_32x32_U:
0x00A2	0x0008      	RETURN
; end of _Mul_32x32_U
_EEPROM_Write:
;__Lib_EEPROM.mpas,27 :: 		
;__Lib_EEPROM.mpas,28 :: 		
L__EEPROM_Write3:
0x00A3	0x1683      	BSF        STATUS, 5
0x00A4	0x1C9C      	BTFSS      EECON1, 1
0x00A5	0x28A8      	GOTO       L__EEPROM_Write4
0x00A6	0x0000      	NOP
0x00A7	0x28A3      	GOTO       L__EEPROM_Write3
L__EEPROM_Write4:
;__Lib_EEPROM.mpas,30 :: 		
0x00A8	0x0845      	MOVF       FARG_EEPROM_Write_address, 0
0x00A9	0x009B      	MOVWF      EEADR
;__Lib_EEPROM.mpas,31 :: 		
0x00AA	0x0846      	MOVF       FARG_EEPROM_Write_data_, 0
0x00AB	0x009A      	MOVWF      EEDATA
;__Lib_EEPROM.mpas,32 :: 		
0x00AC	0x139C      	BCF        EECON1, 7
;__Lib_EEPROM.mpas,33 :: 		
0x00AD	0x151C      	BSF        EECON1, 2
;__Lib_EEPROM.mpas,35 :: 		
0x00AE	0x080B      	MOVF       INTCON, 0
0x00AF	0x00D0      	MOVWF      R0
;__Lib_EEPROM.mpas,38 :: 		
0x00B0	0x138B      	BCF        INTCON, 7
;__Lib_EEPROM.mpas,39 :: 		
0x00B1	0x3055      	MOVLW      85
0x00B2	0x009D      	MOVWF      EECON2
;__Lib_EEPROM.mpas,40 :: 		
0x00B3	0x30AA      	MOVLW      170
0x00B4	0x009D      	MOVWF      EECON2
;__Lib_EEPROM.mpas,41 :: 		
0x00B5	0x149C      	BSF        EECON1, 1
;__Lib_EEPROM.mpas,45 :: 		
0x00B6	0x1BD0      	BTFSC      R0, 7
0x00B7	0x28BA      	GOTO       L__EEPROM_Write9
0x00B8	0x138B      	BCF        INTCON, 7
0x00B9	0x28BB      	GOTO       L__EEPROM_Write10
L__EEPROM_Write9:
0x00BA	0x178B      	BSF        INTCON, 7
L__EEPROM_Write10:
;__Lib_EEPROM.mpas,46 :: 		
0x00BB	0x111C      	BCF        EECON1, 2
;__Lib_EEPROM.mpas,47 :: 		
L_end_EEPROM_Write:
0x00BC	0x0008      	RETURN
; end of _EEPROM_Write
_EEPROM_Read:
;__Lib_EEPROM.mpas,13 :: 		
;__Lib_EEPROM.mpas,14 :: 		
0x00BD	0x1283      	BCF        STATUS, 5
0x00BE	0x0845      	MOVF       FARG_EEPROM_Read_address, 0
0x00BF	0x1683      	BSF        STATUS, 5
0x00C0	0x009B      	MOVWF      EEADR
;__Lib_EEPROM.mpas,15 :: 		
0x00C1	0x139C      	BCF        EECON1, 7
;__Lib_EEPROM.mpas,21 :: 		
0x00C2	0x141C      	BSF        EECON1, 0
;__Lib_EEPROM.mpas,22 :: 		
0x00C3	0x081A      	MOVF       EEDATA, 0
0x00C4	0x00D1      	MOVWF      R1
;__Lib_EEPROM.mpas,23 :: 		
0x00C5	0x0851      	MOVF       R1, 0
0x00C6	0x00D0      	MOVWF      R0
L_end_EEPROM_Read:
0x00C7	0x0008      	RETURN
; end of _EEPROM_Read
_tick_diff:
;16F676MPPT.mpas,99 :: 		begin
;16F676MPPT.mpas,100 :: 		if a<b then
0x00C8	0x1283      	BCF        STATUS, 5
0x00C9	0x0848      	MOVF       FARG_tick_diff_b+1, 0
0x00CA	0x0246      	SUBWF      FARG_tick_diff_a+1, 0
0x00CB	0x1D03      	BTFSS      STATUS, 2
0x00CC	0x28CF      	GOTO       L__tick_diff73
0x00CD	0x0847      	MOVF       FARG_tick_diff_b, 0
0x00CE	0x0245      	SUBWF      FARG_tick_diff_a, 0
L__tick_diff73:
0x00CF	0x1803      	BTFSC      STATUS, 0
0x00D0	0x28E8      	GOTO       L__tick_diff13
;16F676MPPT.mpas,101 :: 		result:=a+(65535-b)+1
0x00D1	0x0847      	MOVF       FARG_tick_diff_b, 0
0x00D2	0x3CFF      	SUBLW      255
0x00D3	0x00D0      	MOVWF      R0
0x00D4	0x0848      	MOVF       FARG_tick_diff_b+1, 0
0x00D5	0x1C03      	BTFSS      STATUS, 0
0x00D6	0x3E01      	ADDLW      1
0x00D7	0x3CFF      	SUBLW      255
0x00D8	0x00D1      	MOVWF      R0+1
0x00D9	0x0845      	MOVF       FARG_tick_diff_a, 0
0x00DA	0x07D0      	ADDWF      R0, 1
0x00DB	0x0846      	MOVF       FARG_tick_diff_a+1, 0
0x00DC	0x1803      	BTFSC      STATUS, 0
0x00DD	0x3E01      	ADDLW      1
0x00DE	0x07D1      	ADDWF      R0+1, 1
0x00DF	0x0850      	MOVF       R0, 0
0x00E0	0x3E01      	ADDLW      1
0x00E1	0x00D2      	MOVWF      R2
0x00E2	0x3000      	MOVLW      0
0x00E3	0x1803      	BTFSC      STATUS, 0
0x00E4	0x3E01      	ADDLW      1
0x00E5	0x0751      	ADDWF      R0+1, 0
0x00E6	0x00D3      	MOVWF      R2+1
0x00E7	0x28F0      	GOTO       L__tick_diff14
;16F676MPPT.mpas,102 :: 		else
L__tick_diff13:
;16F676MPPT.mpas,103 :: 		result:=a-b;
0x00E8	0x0847      	MOVF       FARG_tick_diff_b, 0
0x00E9	0x0245      	SUBWF      FARG_tick_diff_a, 0
0x00EA	0x00D2      	MOVWF      R2
0x00EB	0x0848      	MOVF       FARG_tick_diff_b+1, 0
0x00EC	0x1C03      	BTFSS      STATUS, 0
0x00ED	0x3E01      	ADDLW      1
0x00EE	0x0246      	SUBWF      FARG_tick_diff_a+1, 0
0x00EF	0x00D3      	MOVWF      R2+1
L__tick_diff14:
;16F676MPPT.mpas,104 :: 		end;
0x00F0	0x0852      	MOVF       R2, 0
0x00F1	0x00D0      	MOVWF      R0
0x00F2	0x0853      	MOVF       R2+1, 0
0x00F3	0x00D1      	MOVWF      R0+1
L_end_tick_diff:
0x00F4	0x0008      	RETURN
; end of _tick_diff
_main:
;16F676MPPT.mpas,106 :: 		begin
;16F676MPPT.mpas,107 :: 		CMCON:=7;
0x00F5	0x3007      	MOVLW      7
0x00F6	0x1283      	BCF        STATUS, 5
0x00F7	0x0099      	MOVWF      CMCON
;16F676MPPT.mpas,108 :: 		ANSEL:=%00000101;       // ADC conversion clock = fRC, RA0=Current, RA2=Voltage
0x00F8	0x3005      	MOVLW      5
0x00F9	0x1683      	BSF        STATUS, 5
0x00FA	0x0091      	MOVWF      ANSEL
;16F676MPPT.mpas,109 :: 		TRISA0_bit:=1;
0x00FB	0x1405      	BSF        TRISA0_bit, BitPos(TRISA0_bit+0)
;16F676MPPT.mpas,110 :: 		TRISA1_bit:=1;          // Vref
0x00FC	0x1485      	BSF        TRISA1_bit, BitPos(TRISA1_bit+0)
;16F676MPPT.mpas,111 :: 		TRISA2_bit:=1;
0x00FD	0x1505      	BSF        TRISA2_bit, BitPos(TRISA2_bit+0)
;16F676MPPT.mpas,112 :: 		VCFG_bit:=1;
0x00FE	0x1283      	BCF        STATUS, 5
0x00FF	0x171F      	BSF        VCFG_bit, BitPos(VCFG_bit+0)
;16F676MPPT.mpas,113 :: 		CHS1_bit:=1;
0x0100	0x159F      	BSF        CHS1_bit, BitPos(CHS1_bit+0)
;16F676MPPT.mpas,114 :: 		ADFM_bit:=1;
0x0101	0x179F      	BSF        ADFM_bit, BitPos(ADFM_bit+0)
;16F676MPPT.mpas,116 :: 		TRISC1_bit:=0;          // PWM
0x0102	0x1683      	BSF        STATUS, 5
0x0103	0x1087      	BCF        TRISC1_bit, BitPos(TRISC1_bit+0)
;16F676MPPT.mpas,117 :: 		TRISC4_bit:=0;          // LED
0x0104	0x1207      	BCF        TRISC4_bit, BitPos(TRISC4_bit+0)
;16F676MPPT.mpas,118 :: 		TRISC3_bit:=1;          // OP-AMP Cal
0x0105	0x1587      	BSF        TRISC3_bit, BitPos(TRISC3_bit+0)
;16F676MPPT.mpas,120 :: 		LED1:=0;
0x0106	0x1283      	BCF        STATUS, 5
0x0107	0x1207      	BCF        RC4_bit, BitPos(RC4_bit+0)
;16F676MPPT.mpas,121 :: 		PWM_SIG:=1;
0x0108	0x1487      	BSF        RC1_bit, BitPos(RC1_bit+0)
;16F676MPPT.mpas,122 :: 		LED1_tm:=100;
0x0109	0x3064      	MOVLW      100
0x010A	0x00C0      	MOVWF      _LED1_tm
0x010B	0x01C1      	CLRF       _LED1_tm+1
;16F676MPPT.mpas,123 :: 		ON_PWM:=0;
0x010C	0x01BC      	CLRF       _ON_PWM
;16F676MPPT.mpas,124 :: 		VOLPWM:=0;
0x010D	0x01BB      	CLRF       _VOLPWM
;16F676MPPT.mpas,125 :: 		TICK_1000:=0;
0x010E	0x01BE      	CLRF       _TICK_1000
0x010F	0x01BF      	CLRF       _TICK_1000+1
;16F676MPPT.mpas,126 :: 		power_low:=0;
0x0110	0x01BD      	CLRF       _power_low
;16F676MPPT.mpas,128 :: 		OPTION_REG:=%11011111;        // ~4KHz @ 4MHz, 1000000 / 4 = 3.9k
0x0111	0x30DF      	MOVLW      223
0x0112	0x1683      	BSF        STATUS, 5
0x0113	0x0081      	MOVWF      OPTION_REG
;16F676MPPT.mpas,129 :: 		TMR0IE_bit:=1;
0x0114	0x168B      	BSF        TMR0IE_bit, BitPos(TMR0IE_bit+0)
;16F676MPPT.mpas,131 :: 		LM358_diff:=cLM358_diff;
0x0115	0x01C4      	CLRF       _LM358_diff
;16F676MPPT.mpas,132 :: 		Delay_100ms;
0x0116	0x2036      	CALL       _Delay_100ms
;16F676MPPT.mpas,133 :: 		Delay_100ms;
0x0117	0x2036      	CALL       _Delay_100ms
;16F676MPPT.mpas,134 :: 		ClrWDT;
0x0118	0x0064      	CLRWDT
;16F676MPPT.mpas,136 :: 		if Write_OPAMP=0 then begin
0x0119	0x1987      	BTFSC      RC3_bit, BitPos(RC3_bit+0)
0x011A	0x2937      	GOTO       L__main17
;16F676MPPT.mpas,137 :: 		Delay_100ms;
0x011B	0x2036      	CALL       _Delay_100ms
;16F676MPPT.mpas,138 :: 		Delay_100ms;
0x011C	0x2036      	CALL       _Delay_100ms
;16F676MPPT.mpas,139 :: 		adc_cur:=ADC_Read(0);
0x011D	0x01C5      	CLRF       FARG_ADC_Read_channel
0x011E	0x2042      	CALL       _ADC_Read
0x011F	0x0850      	MOVF       R0, 0
0x0120	0x00AC      	MOVWF      _adc_cur
0x0121	0x0851      	MOVF       R0+1, 0
0x0122	0x00AD      	MOVWF      _adc_cur+1
;16F676MPPT.mpas,140 :: 		EEPROM_Write(0, Lo(adc_cur));
0x0123	0x01C5      	CLRF       FARG_EEPROM_Write_address
0x0124	0x082C      	MOVF       _adc_cur, 0
0x0125	0x00C6      	MOVWF      FARG_EEPROM_Write_data_
0x0126	0x20A3      	CALL       _EEPROM_Write
;16F676MPPT.mpas,141 :: 		Delay_100ms;
0x0127	0x2036      	CALL       _Delay_100ms
;16F676MPPT.mpas,142 :: 		LED1:=1;
0x0128	0x1607      	BSF        RC4_bit, BitPos(RC4_bit+0)
;16F676MPPT.mpas,143 :: 		Delay_ms(700);
0x0129	0x3004      	MOVLW      4
0x012A	0x00DB      	MOVWF      R11
0x012B	0x308E      	MOVLW      142
0x012C	0x00DC      	MOVWF      R12
0x012D	0x3012      	MOVLW      18
0x012E	0x00DD      	MOVWF      R13
L__main19:
0x012F	0x0BDD      	DECFSZ     R13, 1
0x0130	0x292F      	GOTO       L__main19
0x0131	0x0BDC      	DECFSZ     R12, 1
0x0132	0x292F      	GOTO       L__main19
0x0133	0x0BDB      	DECFSZ     R11, 1
0x0134	0x292F      	GOTO       L__main19
0x0135	0x0000      	NOP
;16F676MPPT.mpas,144 :: 		LED1:=0;
0x0136	0x1207      	BCF        RC4_bit, BitPos(RC4_bit+0)
;16F676MPPT.mpas,145 :: 		end;
L__main17:
;16F676MPPT.mpas,146 :: 		ClrWDT;
0x0137	0x0064      	CLRWDT
;16F676MPPT.mpas,150 :: 		Delay_100ms;
0x0138	0x2036      	CALL       _Delay_100ms
;16F676MPPT.mpas,151 :: 		LM358_diff:=EEPROM_Read(0);
0x0139	0x01C5      	CLRF       FARG_EEPROM_Read_address
0x013A	0x20BD      	CALL       _EEPROM_Read
0x013B	0x0850      	MOVF       R0, 0
0x013C	0x00C4      	MOVWF      _LM358_diff
;16F676MPPT.mpas,153 :: 		if LM358_diff>$1f then
0x013D	0x0850      	MOVF       R0, 0
0x013E	0x3C1F      	SUBLW      31
0x013F	0x1803      	BTFSC      STATUS, 0
0x0140	0x2942      	GOTO       L__main21
;16F676MPPT.mpas,154 :: 		LM358_diff:=0;
0x0141	0x01C4      	CLRF       _LM358_diff
L__main21:
;16F676MPPT.mpas,156 :: 		TMR1CS_bit:=0;
0x0142	0x1283      	BCF        STATUS, 5
0x0143	0x1090      	BCF        TMR1CS_bit, BitPos(TMR1CS_bit+0)
;16F676MPPT.mpas,157 :: 		T1CKPS1_bit:=0;
0x0144	0x1290      	BCF        T1CKPS1_bit, BitPos(T1CKPS1_bit+0)
;16F676MPPT.mpas,158 :: 		T1CKPS0_bit:=0;               // timer prescaler 1:1
0x0145	0x1210      	BCF        T1CKPS0_bit, BitPos(T1CKPS0_bit+0)
;16F676MPPT.mpas,159 :: 		TMR1L:=TMR1L_LOAD;
0x0146	0x3017      	MOVLW      23
0x0147	0x008E      	MOVWF      TMR1L
;16F676MPPT.mpas,160 :: 		TMR1H:=TMR1H_LOAD;
0x0148	0x30FC      	MOVLW      252
0x0149	0x008F      	MOVWF      TMR1H
;16F676MPPT.mpas,161 :: 		T1IF_bit:=0;
0x014A	0x100C      	BCF        T1IF_bit, BitPos(T1IF_bit+0)
;16F676MPPT.mpas,163 :: 		adc_vol:=0;
0x014B	0x01B2      	CLRF       _adc_vol
0x014C	0x01B3      	CLRF       _adc_vol+1
;16F676MPPT.mpas,164 :: 		adc_cur:=0;
0x014D	0x01AC      	CLRF       _adc_cur
0x014E	0x01AD      	CLRF       _adc_cur+1
;16F676MPPT.mpas,165 :: 		power_curr:=0;
0x014F	0x01AE      	CLRF       _power_curr
0x0150	0x01AF      	CLRF       _power_curr+1
0x0151	0x01B0      	CLRF       _power_curr+2
0x0152	0x01B1      	CLRF       _power_curr+3
;16F676MPPT.mpas,167 :: 		TMR1IE_bit:=1;
0x0153	0x1683      	BSF        STATUS, 5
0x0154	0x140C      	BSF        TMR1IE_bit, BitPos(TMR1IE_bit+0)
;16F676MPPT.mpas,168 :: 		PEIE_bit:=1;
0x0155	0x170B      	BSF        PEIE_bit, BitPos(PEIE_bit+0)
;16F676MPPT.mpas,170 :: 		GIE_bit:=1;                   // enable Interrupt
0x0156	0x178B      	BSF        GIE_bit, BitPos(GIE_bit+0)
;16F676MPPT.mpas,172 :: 		TMR1ON_bit:=1;
0x0157	0x1283      	BCF        STATUS, 5
0x0158	0x1410      	BSF        TMR1ON_bit, BitPos(TMR1ON_bit+0)
;16F676MPPT.mpas,174 :: 		VOLPWM:=PWM_START;
0x0159	0x303C      	MOVLW      60
0x015A	0x00BB      	MOVWF      _VOLPWM
;16F676MPPT.mpas,175 :: 		flag_inc:=True;
0x015B	0x30FF      	MOVLW      255
0x015C	0x00AB      	MOVWF      _flag_inc
;16F676MPPT.mpas,176 :: 		adc_cur_last:=0;
0x015D	0x01A4      	CLRF       _adc_cur_last
0x015E	0x01A5      	CLRF       _adc_cur_last+1
;16F676MPPT.mpas,178 :: 		powertime:=0;
0x015F	0x01A2      	CLRF       _powertime
0x0160	0x01A3      	CLRF       _powertime+1
;16F676MPPT.mpas,179 :: 		prevtime:=0;
0x0161	0x01A0      	CLRF       _prevtime
0x0162	0x01A1      	CLRF       _prevtime+1
;16F676MPPT.mpas,182 :: 		clrwdt;
0x0163	0x0064      	CLRWDT
;16F676MPPT.mpas,183 :: 		delay_ms(300);
0x0164	0x3002      	MOVLW      2
0x0165	0x00DB      	MOVWF      R11
0x0166	0x3086      	MOVLW      134
0x0167	0x00DC      	MOVWF      R12
0x0168	0x3099      	MOVLW      153
0x0169	0x00DD      	MOVWF      R13
L__main23:
0x016A	0x0BDD      	DECFSZ     R13, 1
0x016B	0x296A      	GOTO       L__main23
0x016C	0x0BDC      	DECFSZ     R12, 1
0x016D	0x296A      	GOTO       L__main23
0x016E	0x0BDB      	DECFSZ     R11, 1
0x016F	0x296A      	GOTO       L__main23
;16F676MPPT.mpas,184 :: 		LED1:=1;
0x0170	0x1607      	BSF        RC4_bit, BitPos(RC4_bit+0)
;16F676MPPT.mpas,185 :: 		delay_ms(300);
0x0171	0x3002      	MOVLW      2
0x0172	0x00DB      	MOVWF      R11
0x0173	0x3086      	MOVLW      134
0x0174	0x00DC      	MOVWF      R12
0x0175	0x3099      	MOVLW      153
0x0176	0x00DD      	MOVWF      R13
L__main24:
0x0177	0x0BDD      	DECFSZ     R13, 1
0x0178	0x2977      	GOTO       L__main24
0x0179	0x0BDC      	DECFSZ     R12, 1
0x017A	0x2977      	GOTO       L__main24
0x017B	0x0BDB      	DECFSZ     R11, 1
0x017C	0x2977      	GOTO       L__main24
;16F676MPPT.mpas,186 :: 		LED1:=0;
0x017D	0x1207      	BCF        RC4_bit, BitPos(RC4_bit+0)
;16F676MPPT.mpas,187 :: 		clrwdt;
0x017E	0x0064      	CLRWDT
;16F676MPPT.mpas,188 :: 		wdtimer:=0;
0x017F	0x01A9      	CLRF       _wdtimer
0x0180	0x01AA      	CLRF       _wdtimer+1
;16F676MPPT.mpas,190 :: 		while True do begin
L__main26:
;16F676MPPT.mpas,192 :: 		wtmp := TICK_1000;
0x0181	0x083E      	MOVF       _TICK_1000, 0
0x0182	0x00A7      	MOVWF      _wtmp
0x0183	0x083F      	MOVF       _TICK_1000+1, 0
0x0184	0x00A8      	MOVWF      _wtmp+1
;16F676MPPT.mpas,193 :: 		if tick_diff(wtmp, prevtime) > LED1_tm then begin
0x0185	0x083E      	MOVF       _TICK_1000, 0
0x0186	0x00C5      	MOVWF      FARG_tick_diff_a
0x0187	0x083F      	MOVF       _TICK_1000+1, 0
0x0188	0x00C6      	MOVWF      FARG_tick_diff_a+1
0x0189	0x0820      	MOVF       _prevtime, 0
0x018A	0x00C7      	MOVWF      FARG_tick_diff_b
0x018B	0x0821      	MOVF       _prevtime+1, 0
0x018C	0x00C8      	MOVWF      FARG_tick_diff_b+1
0x018D	0x20C8      	CALL       _tick_diff
0x018E	0x0851      	MOVF       R0+1, 0
0x018F	0x0241      	SUBWF      _LED1_tm+1, 0
0x0190	0x1D03      	BTFSS      STATUS, 2
0x0191	0x2994      	GOTO       L__main75
0x0192	0x0850      	MOVF       R0, 0
0x0193	0x0240      	SUBWF      _LED1_tm, 0
L__main75:
0x0194	0x1803      	BTFSC      STATUS, 0
0x0195	0x299C      	GOTO       L__main31
;16F676MPPT.mpas,194 :: 		prevtime := wtmp;
0x0196	0x0827      	MOVF       _wtmp, 0
0x0197	0x00A0      	MOVWF      _prevtime
0x0198	0x0828      	MOVF       _wtmp+1, 0
0x0199	0x00A1      	MOVWF      _prevtime+1
;16F676MPPT.mpas,195 :: 		LED1 := not LED1;
0x019A	0x3010      	MOVLW      16
0x019B	0x0687      	XORWF      RC4_bit, 1
;16F676MPPT.mpas,196 :: 		end;
L__main31:
;16F676MPPT.mpas,198 :: 		if tick_diff(wtmp, wdtimer) > 1000 then begin
0x019C	0x0827      	MOVF       _wtmp, 0
0x019D	0x00C5      	MOVWF      FARG_tick_diff_a
0x019E	0x0828      	MOVF       _wtmp+1, 0
0x019F	0x00C6      	MOVWF      FARG_tick_diff_a+1
0x01A0	0x0829      	MOVF       _wdtimer, 0
0x01A1	0x00C7      	MOVWF      FARG_tick_diff_b
0x01A2	0x082A      	MOVF       _wdtimer+1, 0
0x01A3	0x00C8      	MOVWF      FARG_tick_diff_b+1
0x01A4	0x20C8      	CALL       _tick_diff
0x01A5	0x0851      	MOVF       R0+1, 0
0x01A6	0x3C03      	SUBLW      3
0x01A7	0x1D03      	BTFSS      STATUS, 2
0x01A8	0x29AB      	GOTO       L__main76
0x01A9	0x0850      	MOVF       R0, 0
0x01AA	0x3CE8      	SUBLW      232
L__main76:
0x01AB	0x1803      	BTFSC      STATUS, 0
0x01AC	0x29B0      	GOTO       L__main34
;16F676MPPT.mpas,199 :: 		wdtimer:=0;
0x01AD	0x01A9      	CLRF       _wdtimer
0x01AE	0x01AA      	CLRF       _wdtimer+1
;16F676MPPT.mpas,200 :: 		clrwdt;
0x01AF	0x0064      	CLRWDT
;16F676MPPT.mpas,201 :: 		end;
L__main34:
;16F676MPPT.mpas,203 :: 		adc_cur_last:=adc_cur;
0x01B0	0x082C      	MOVF       _adc_cur, 0
0x01B1	0x00A4      	MOVWF      _adc_cur_last
0x01B2	0x082D      	MOVF       _adc_cur+1, 0
0x01B3	0x00A5      	MOVWF      _adc_cur_last+1
;16F676MPPT.mpas,205 :: 		doADCRead:=0;
0x01B4	0x01A6      	CLRF       _doADCRead
;16F676MPPT.mpas,206 :: 		while doADCRead=0 do ;
L__main37:
0x01B5	0x0826      	MOVF       _doADCRead, 0
0x01B6	0x3A00      	XORLW      0
0x01B7	0x1903      	BTFSC      STATUS, 2
0x01B8	0x29B5      	GOTO       L__main37
;16F676MPPT.mpas,209 :: 		adc_cur:=ADC_Read(0);
0x01B9	0x01C5      	CLRF       FARG_ADC_Read_channel
0x01BA	0x2042      	CALL       _ADC_Read
0x01BB	0x0850      	MOVF       R0, 0
0x01BC	0x00AC      	MOVWF      _adc_cur
0x01BD	0x0851      	MOVF       R0+1, 0
0x01BE	0x00AD      	MOVWF      _adc_cur+1
;16F676MPPT.mpas,210 :: 		adc_vol:=ADC_Read(2);
0x01BF	0x3002      	MOVLW      2
0x01C0	0x00C5      	MOVWF      FARG_ADC_Read_channel
0x01C1	0x2042      	CALL       _ADC_Read
0x01C2	0x0850      	MOVF       R0, 0
0x01C3	0x00B2      	MOVWF      _adc_vol
0x01C4	0x0851      	MOVF       R0+1, 0
0x01C5	0x00B3      	MOVWF      _adc_vol+1
;16F676MPPT.mpas,211 :: 		for i:=1 to adc_max_loop-1 do begin
0x01C6	0x3001      	MOVLW      1
0x01C7	0x00B4      	MOVWF      _i
L__main42:
;16F676MPPT.mpas,212 :: 		xtmp:=ADC_Read(0);
0x01C8	0x01C5      	CLRF       FARG_ADC_Read_channel
0x01C9	0x2042      	CALL       _ADC_Read
0x01CA	0x0850      	MOVF       R0, 0
0x01CB	0x00B9      	MOVWF      _xtmp
0x01CC	0x0851      	MOVF       R0+1, 0
0x01CD	0x00BA      	MOVWF      _xtmp+1
;16F676MPPT.mpas,213 :: 		wtmp:=ADC_Read(2);
0x01CE	0x3002      	MOVLW      2
0x01CF	0x00C5      	MOVWF      FARG_ADC_Read_channel
0x01D0	0x2042      	CALL       _ADC_Read
0x01D1	0x0850      	MOVF       R0, 0
0x01D2	0x00A7      	MOVWF      _wtmp
0x01D3	0x0851      	MOVF       R0+1, 0
0x01D4	0x00A8      	MOVWF      _wtmp+1
;16F676MPPT.mpas,214 :: 		adc_vol:=(adc_vol+wtmp) div 2;
0x01D5	0x0850      	MOVF       R0, 0
0x01D6	0x07B2      	ADDWF      _adc_vol, 1
0x01D7	0x0851      	MOVF       R0+1, 0
0x01D8	0x1803      	BTFSC      STATUS, 0
0x01D9	0x3E01      	ADDLW      1
0x01DA	0x07B3      	ADDWF      _adc_vol+1, 1
0x01DB	0x0CB3      	RRF        _adc_vol+1, 1
0x01DC	0x0CB2      	RRF        _adc_vol, 1
0x01DD	0x13B3      	BCF        _adc_vol+1, 7
;16F676MPPT.mpas,215 :: 		adc_cur:=(adc_cur+xtmp) div 2;
0x01DE	0x0839      	MOVF       _xtmp, 0
0x01DF	0x07AC      	ADDWF      _adc_cur, 1
0x01E0	0x083A      	MOVF       _xtmp+1, 0
0x01E1	0x1803      	BTFSC      STATUS, 0
0x01E2	0x3E01      	ADDLW      1
0x01E3	0x07AD      	ADDWF      _adc_cur+1, 1
0x01E4	0x0CAD      	RRF        _adc_cur+1, 1
0x01E5	0x0CAC      	RRF        _adc_cur, 1
0x01E6	0x13AD      	BCF        _adc_cur+1, 7
;16F676MPPT.mpas,220 :: 		end;
0x01E7	0x0834      	MOVF       _i, 0
0x01E8	0x3A03      	XORLW      3
0x01E9	0x1903      	BTFSC      STATUS, 2
0x01EA	0x29ED      	GOTO       L__main45
0x01EB	0x0AB4      	INCF       _i, 1
0x01EC	0x29C8      	GOTO       L__main42
L__main45:
;16F676MPPT.mpas,221 :: 		adc_vol:=adc_vol * VOLMUL;
0x01ED	0x0DB2      	RLF        _adc_vol, 1
0x01EE	0x0DB3      	RLF        _adc_vol+1, 1
0x01EF	0x1032      	BCF        _adc_vol, 0
0x01F0	0x0DB2      	RLF        _adc_vol, 1
0x01F1	0x0DB3      	RLF        _adc_vol+1, 1
0x01F2	0x1032      	BCF        _adc_vol, 0
;16F676MPPT.mpas,224 :: 		wtmp:=TICK_1000;
0x01F3	0x083E      	MOVF       _TICK_1000, 0
0x01F4	0x00A7      	MOVWF      _wtmp
0x01F5	0x083F      	MOVF       _TICK_1000+1, 0
0x01F6	0x00A8      	MOVWF      _wtmp+1
;16F676MPPT.mpas,225 :: 		if tick_diff(wtmp, powertime) < _UPDATE_INT then
0x01F7	0x083E      	MOVF       _TICK_1000, 0
0x01F8	0x00C5      	MOVWF      FARG_tick_diff_a
0x01F9	0x083F      	MOVF       _TICK_1000+1, 0
0x01FA	0x00C6      	MOVWF      FARG_tick_diff_a+1
0x01FB	0x0822      	MOVF       _powertime, 0
0x01FC	0x00C7      	MOVWF      FARG_tick_diff_b
0x01FD	0x0823      	MOVF       _powertime+1, 0
0x01FE	0x00C8      	MOVWF      FARG_tick_diff_b+1
0x01FF	0x20C8      	CALL       _tick_diff
0x0200	0x3000      	MOVLW      0
0x0201	0x0251      	SUBWF      R0+1, 0
0x0202	0x1D03      	BTFSS      STATUS, 2
0x0203	0x2A06      	GOTO       L__main77
0x0204	0x3028      	MOVLW      40
0x0205	0x0250      	SUBWF      R0, 0
L__main77:
0x0206	0x1803      	BTFSC      STATUS, 0
0x0207	0x2A09      	GOTO       L__main47
;16F676MPPT.mpas,226 :: 		goto CONTLOOP;
0x0208	0x2AA1      	GOTO       L__main_CONTLOOP
L__main47:
;16F676MPPT.mpas,227 :: 		powertime:=wtmp;
0x0209	0x0827      	MOVF       _wtmp, 0
0x020A	0x00A2      	MOVWF      _powertime
0x020B	0x0828      	MOVF       _wtmp+1, 0
0x020C	0x00A3      	MOVWF      _powertime+1
;16F676MPPT.mpas,229 :: 		power_prev:= power_curr;
0x020D	0x082E      	MOVF       _power_curr, 0
0x020E	0x00B5      	MOVWF      _power_prev
0x020F	0x082F      	MOVF       _power_curr+1, 0
0x0210	0x00B6      	MOVWF      _power_prev+1
0x0211	0x0830      	MOVF       _power_curr+2, 0
0x0212	0x00B7      	MOVWF      _power_prev+2
0x0213	0x0831      	MOVF       _power_curr+3, 0
0x0214	0x00B8      	MOVWF      _power_prev+3
;16F676MPPT.mpas,230 :: 		power_curr:= dword(adc_vol * adc_cur);
0x0215	0x0832      	MOVF       _adc_vol, 0
0x0216	0x00D0      	MOVWF      R0
0x0217	0x0833      	MOVF       _adc_vol+1, 0
0x0218	0x00D1      	MOVWF      R0+1
0x0219	0x01D2      	CLRF       R0+2
0x021A	0x01D3      	CLRF       R0+3
0x021B	0x082C      	MOVF       _adc_cur, 0
0x021C	0x00D4      	MOVWF      R4
0x021D	0x082D      	MOVF       _adc_cur+1, 0
0x021E	0x00D5      	MOVWF      R4+1
0x021F	0x01D6      	CLRF       R4+2
0x0220	0x01D7      	CLRF       R4+3
0x0221	0x206C      	CALL       _Mul_32x32_U
0x0222	0x0850      	MOVF       R0, 0
0x0223	0x00AE      	MOVWF      _power_curr
0x0224	0x0851      	MOVF       R0+1, 0
0x0225	0x00AF      	MOVWF      _power_curr+1
0x0226	0x0852      	MOVF       R0+2, 0
0x0227	0x00B0      	MOVWF      _power_curr+2
0x0228	0x0853      	MOVF       R0+3, 0
0x0229	0x00B1      	MOVWF      _power_curr+3
;16F676MPPT.mpas,232 :: 		if adc_cur>LM358_diff then begin
0x022A	0x082D      	MOVF       _adc_cur+1, 0
0x022B	0x3C00      	SUBLW      0
0x022C	0x1D03      	BTFSS      STATUS, 2
0x022D	0x2A30      	GOTO       L__main78
0x022E	0x082C      	MOVF       _adc_cur, 0
0x022F	0x0244      	SUBWF      _LM358_diff, 0
L__main78:
0x0230	0x1803      	BTFSC      STATUS, 0
0x0231	0x2A7B      	GOTO       L__main50
;16F676MPPT.mpas,234 :: 		if power_curr = power_prev then begin
0x0232	0x0831      	MOVF       _power_curr+3, 0
0x0233	0x0638      	XORWF      _power_prev+3, 0
0x0234	0x1D03      	BTFSS      STATUS, 2
0x0235	0x2A40      	GOTO       L__main79
0x0236	0x0830      	MOVF       _power_curr+2, 0
0x0237	0x0637      	XORWF      _power_prev+2, 0
0x0238	0x1D03      	BTFSS      STATUS, 2
0x0239	0x2A40      	GOTO       L__main79
0x023A	0x082F      	MOVF       _power_curr+1, 0
0x023B	0x0636      	XORWF      _power_prev+1, 0
0x023C	0x1D03      	BTFSS      STATUS, 2
0x023D	0x2A40      	GOTO       L__main79
0x023E	0x082E      	MOVF       _power_curr, 0
0x023F	0x0635      	XORWF      _power_prev, 0
L__main79:
0x0240	0x1D03      	BTFSS      STATUS, 2
0x0241	0x2A48      	GOTO       L__main53
;16F676MPPT.mpas,235 :: 		LED1_tm:=500;
0x0242	0x30F4      	MOVLW      244
0x0243	0x00C0      	MOVWF      _LED1_tm
0x0244	0x3001      	MOVLW      1
0x0245	0x00C1      	MOVWF      _LED1_tm+1
;16F676MPPT.mpas,236 :: 		power_low:=0;
0x0246	0x01BD      	CLRF       _power_low
;16F676MPPT.mpas,237 :: 		goto CONTLOOP;
0x0247	0x2AA1      	GOTO       L__main_CONTLOOP
;16F676MPPT.mpas,238 :: 		end else if power_curr < power_prev then begin
L__main53:
0x0248	0x0838      	MOVF       _power_prev+3, 0
0x0249	0x0231      	SUBWF      _power_curr+3, 0
0x024A	0x1D03      	BTFSS      STATUS, 2
0x024B	0x2A56      	GOTO       L__main80
0x024C	0x0837      	MOVF       _power_prev+2, 0
0x024D	0x0230      	SUBWF      _power_curr+2, 0
0x024E	0x1D03      	BTFSS      STATUS, 2
0x024F	0x2A56      	GOTO       L__main80
0x0250	0x0836      	MOVF       _power_prev+1, 0
0x0251	0x022F      	SUBWF      _power_curr+1, 0
0x0252	0x1D03      	BTFSS      STATUS, 2
0x0253	0x2A56      	GOTO       L__main80
0x0254	0x0835      	MOVF       _power_prev, 0
0x0255	0x022E      	SUBWF      _power_curr, 0
L__main80:
0x0256	0x1803      	BTFSC      STATUS, 0
0x0257	0x2A75      	GOTO       L__main56
;16F676MPPT.mpas,239 :: 		LED1_tm:=150;
0x0258	0x3096      	MOVLW      150
0x0259	0x00C0      	MOVWF      _LED1_tm
0x025A	0x01C1      	CLRF       _LED1_tm+1
;16F676MPPT.mpas,240 :: 		Inc(power_low);
0x025B	0x0ABD      	INCF       _power_low, 1
;16F676MPPT.mpas,241 :: 		if (power_low>=_CHECK_P_LOW) and (adc_cur<adc_cur_last) then
0x025C	0x300C      	MOVLW      12
0x025D	0x023D      	SUBWF      _power_low, 0
0x025E	0x30FF      	MOVLW      255
0x025F	0x1C03      	BTFSS      STATUS, 0
0x0260	0x3000      	MOVLW      0
0x0261	0x00D1      	MOVWF      R1
0x0262	0x0825      	MOVF       _adc_cur_last+1, 0
0x0263	0x022D      	SUBWF      _adc_cur+1, 0
0x0264	0x1D03      	BTFSS      STATUS, 2
0x0265	0x2A68      	GOTO       L__main81
0x0266	0x0824      	MOVF       _adc_cur_last, 0
0x0267	0x022C      	SUBWF      _adc_cur, 0
L__main81:
0x0268	0x30FF      	MOVLW      255
0x0269	0x1803      	BTFSC      STATUS, 0
0x026A	0x3000      	MOVLW      0
0x026B	0x00D0      	MOVWF      R0
0x026C	0x0851      	MOVF       R1, 0
0x026D	0x05D0      	ANDWF      R0, 1
0x026E	0x1903      	BTFSC      STATUS, 2
0x026F	0x2A73      	GOTO       L__main59
;16F676MPPT.mpas,242 :: 		flag_inc:=true
0x0270	0x30FF      	MOVLW      255
0x0271	0x00AB      	MOVWF      _flag_inc
0x0272	0x2A74      	GOTO       L__main60
;16F676MPPT.mpas,243 :: 		else
L__main59:
;16F676MPPT.mpas,244 :: 		flag_inc:=not flag_inc;
0x0273	0x09AB      	COMF       _flag_inc, 1
L__main60:
;16F676MPPT.mpas,245 :: 		end else begin
0x0274	0x2A7A      	GOTO       L__main57
L__main56:
;16F676MPPT.mpas,246 :: 		LED1_tm:=300;
0x0275	0x302C      	MOVLW      44
0x0276	0x00C0      	MOVWF      _LED1_tm
0x0277	0x3001      	MOVLW      1
0x0278	0x00C1      	MOVWF      _LED1_tm+1
;16F676MPPT.mpas,247 :: 		power_low:=0;
0x0279	0x01BD      	CLRF       _power_low
;16F676MPPT.mpas,248 :: 		end;
L__main57:
;16F676MPPT.mpas,249 :: 		end else begin
0x027A	0x2A8A      	GOTO       L__main51
L__main50:
;16F676MPPT.mpas,250 :: 		LED1_tm:=150;
0x027B	0x3096      	MOVLW      150
0x027C	0x00C0      	MOVWF      _LED1_tm
0x027D	0x01C1      	CLRF       _LED1_tm+1
;16F676MPPT.mpas,251 :: 		VOLPWM:=PWM_START;
0x027E	0x303C      	MOVLW      60
0x027F	0x00BB      	MOVWF      _VOLPWM
;16F676MPPT.mpas,252 :: 		flag_inc:=True;
0x0280	0x30FF      	MOVLW      255
0x0281	0x00AB      	MOVWF      _flag_inc
;16F676MPPT.mpas,253 :: 		power_curr:=0;
0x0282	0x01AE      	CLRF       _power_curr
0x0283	0x01AF      	CLRF       _power_curr+1
0x0284	0x01B0      	CLRF       _power_curr+2
0x0285	0x01B1      	CLRF       _power_curr+3
;16F676MPPT.mpas,254 :: 		adc_cur:=0;
0x0286	0x01AC      	CLRF       _adc_cur
0x0287	0x01AD      	CLRF       _adc_cur+1
;16F676MPPT.mpas,255 :: 		power_low:=0;
0x0288	0x01BD      	CLRF       _power_low
;16F676MPPT.mpas,256 :: 		goto CONTLOOP;
0x0289	0x2AA1      	GOTO       L__main_CONTLOOP
;16F676MPPT.mpas,257 :: 		end;
L__main51:
;16F676MPPT.mpas,260 :: 		if flag_inc then begin
0x028A	0x082B      	MOVF       _flag_inc, 0
0x028B	0x1903      	BTFSC      STATUS, 2
0x028C	0x2A97      	GOTO       L__main62
;16F676MPPT.mpas,261 :: 		if VOLPWM<PWM_MAX then
0x028D	0x30C8      	MOVLW      200
0x028E	0x023B      	SUBWF      _VOLPWM, 0
0x028F	0x1803      	BTFSC      STATUS, 0
0x0290	0x2A93      	GOTO       L__main65
;16F676MPPT.mpas,262 :: 		Inc(VOLPWM)
0x0291	0x0ABB      	INCF       _VOLPWM, 1
0x0292	0x2A96      	GOTO       L__main66
;16F676MPPT.mpas,263 :: 		else begin
L__main65:
;16F676MPPT.mpas,264 :: 		VOLPWM:=PWM_MAX;
0x0293	0x30C8      	MOVLW      200
0x0294	0x00BB      	MOVWF      _VOLPWM
;16F676MPPT.mpas,265 :: 		flag_inc:=false;
0x0295	0x01AB      	CLRF       _flag_inc
;16F676MPPT.mpas,266 :: 		end;
L__main66:
;16F676MPPT.mpas,267 :: 		end else begin
0x0296	0x2AA1      	GOTO       L__main63
L__main62:
;16F676MPPT.mpas,268 :: 		if VOLPWM>PWM_MIN then
0x0297	0x083B      	MOVF       _VOLPWM, 0
0x0298	0x3C0A      	SUBLW      10
0x0299	0x1803      	BTFSC      STATUS, 0
0x029A	0x2A9D      	GOTO       L__main68
;16F676MPPT.mpas,269 :: 		Dec(VOLPWM)
0x029B	0x03BB      	DECF       _VOLPWM, 1
0x029C	0x2AA1      	GOTO       L__main69
;16F676MPPT.mpas,270 :: 		else begin
L__main68:
;16F676MPPT.mpas,271 :: 		VOLPWM:=PWM_MIN;
0x029D	0x300A      	MOVLW      10
0x029E	0x00BB      	MOVWF      _VOLPWM
;16F676MPPT.mpas,272 :: 		flag_inc:=true;
0x029F	0x30FF      	MOVLW      255
0x02A0	0x00AB      	MOVWF      _flag_inc
;16F676MPPT.mpas,273 :: 		end;
L__main69:
;16F676MPPT.mpas,274 :: 		end;
L__main63:
;16F676MPPT.mpas,275 :: 		CONTLOOP:
L__main_CONTLOOP:
;16F676MPPT.mpas,277 :: 		end;
0x02A1	0x2981      	GOTO       L__main26
;16F676MPPT.mpas,278 :: 		end.
L_end_main:
0x02A2	0x2AA2      	GOTO       $+0
; end of _main
Symbol List:
//** Routines locations **
//ADDRESS    SIZE    PROCEDURE
//----------------------------------------------
0x0004      [44]    _Interrupt
0x0030       [6]    _Delay_22us
0x0036      [12]    _Delay_100ms
0x0042      [42]    _ADC_Read
0x006C      [55]    _Mul_32x32_U
0x00A3      [26]    _EEPROM_Write
0x00BD      [11]    _EEPROM_Read
0x00C8      [45]    _tick_diff
0x00F5     [430]    _main
//** Variables locations ** 
//ADDRESS    SIZE    VARIABLE
//----------------------------------------------
0x0001       [1]    TMR0
0x0003       [1]    STATUS
0x0007       [0]    RC4_bit
0x0007       [0]    LED1
0x0007       [0]    PWM_SIG
0x0007       [0]    Write_OPAMP
0x0007       [0]    RC3_bit
0x0007       [0]    RC1_bit
0x000B       [0]    PEIE_bit
0x000B       [1]    INTCON
0x000B       [0]    T0IF_bit
0x000B       [0]    GIE_bit
0x000B       [0]    TMR0IE_bit
0x000C       [0]    T1IF_bit
0x000E       [1]    TMR1L
0x000F       [1]    TMR1H
0x0010       [0]    T1CKPS1_bit
0x0010       [0]    TMR1ON_bit
0x0010       [0]    TMR1CS_bit
0x0010       [0]    T1CKPS0_bit
0x0019       [1]    CMCON
0x001E       [1]    ADRESH
0x001F       [1]    ADCON0
0x001F       [0]    VCFG_bit
0x001F       [0]    CHS1_bit
0x001F       [0]    ADFM_bit
0x0020       [2]    _prevtime
0x0022       [2]    _powertime
0x0024       [2]    _adc_cur_last
0x0026       [1]    _doADCRead
0x0027       [2]    _wtmp
0x0029       [2]    _wdtimer
0x002B       [1]    _flag_inc
0x002C       [2]    _adc_cur
0x002E       [4]    _power_curr
0x0032       [2]    _adc_vol
0x0034       [1]    _i
0x0035       [4]    _power_prev
0x0039       [2]    _xtmp
0x003B       [1]    _VOLPWM
0x003C       [1]    _ON_PWM
0x003D       [1]    _power_low
0x003E       [2]    _TICK_1000
0x0040       [2]    _LED1_tm
0x0042       [1]    ___saveSTATUS
0x0043       [1]    ___savePCLATH
0x0044       [1]    _LM358_diff
0x0045       [1]    FARG_ADC_Read_channel
0x0045       [2]    FARG_tick_diff_a
0x0045       [1]    FARG_EEPROM_Read_address
0x0045       [1]    FARG_EEPROM_Write_address
0x0046       [1]    FARG_EEPROM_Write_data_
0x0046       [2]    ADC_Read_local_result
0x0047       [2]    FARG_tick_diff_b
0x0050       [1]    R0
0x0051       [1]    R1
0x0052       [1]    R2
0x0053       [1]    R3
0x0054       [1]    R4
0x0055       [1]    R5
0x0056       [1]    R6
0x0057       [1]    R7
0x0058       [1]    R8
0x0059       [1]    R9
0x005A       [1]    R10
0x005B       [1]    R11
0x005C       [1]    R12
0x005D       [1]    R13
0x005E       [1]    R14
0x005F       [1]    R15
0x0081       [1]    OPTION_REG
0x0085       [0]    TRISA2_bit
0x0085       [0]    TRISA0_bit
0x0085       [0]    TRISA1_bit
0x0087       [0]    TRISC1_bit
0x0087       [0]    TRISC3_bit
0x0087       [0]    TRISC4_bit
0x008C       [0]    TMR1IE_bit
0x0091       [1]    ANSEL
0x009A       [1]    EEDATA
0x009B       [1]    EEADR
0x009C       [1]    EECON1
0x009D       [1]    EECON2
0x009E       [1]    ADRESL
0x009F       [1]    ADCON1
